// Jest Snapshot v1, https://goo.gl/fbAQLP

exports[`React elements as markup escapes angle brackets in text 1`] = `
<li
  className="uncompleted"
>
  &lt;script src="do-do.js"&gt;&lt;/script&gt;
</li>
`;

exports[`React elements as markup represents an element with number as child 1`] = `
<td>
  17
</td>
`;

exports[`React elements as markup represents an element with text and elements as children 1`] = `
<li>
  Just
  <strong>
    do
  </strong>
   it!
</li>
`;

exports[`React elements as markup represents an empty element with no props 1`] = `<br />`;

exports[`React elements as markup represents an empty element with two props 1`] = `
<img
  src="pretty.jpeg"
  title="pretty picture"
/>
`;
